// Jest Snapshot v1, https://goo.gl/fbAQLP

exports[`Container it renders and matches snapshot 1`] = `
<DocumentFragment>
  <div
    class="container mx-auto px-5"
  />
</DocumentFragment>
`;
